// Vitest Snapshot v1

exports[`plugins > aspect-ratio > classes 1`] = `
Set {
  "aspect-none",
  "aspect-w-16",
  "aspect-h-9",
  "aspect-16/9",
}
`;

exports[`plugins > aspect-ratio > generated-css 1`] = `
"/* windicss layer base */

/* windicss layer components */
.aspect-none {
  position: static;
  padding-bottom: 0;
}
.aspect-none > * {
  position: static;
  height: auto;
  width: auto;
  top: auto;
  right: auto;
  bottom: auto;
  left: auto;
}
.aspect-w-16 {
  --tw-aspect-w: 16;
  position: relative;
  padding-bottom: calc(var(--tw-aspect-h) / var(--tw-aspect-w) * 100%);
}
.aspect-w-16 > * {
  position: absolute;
  height: 100%;
  width: 100%;
  top: 0;
  right: 0;
  bottom: 0;
  left: 0;
}
.aspect-h-9 {
  --tw-aspect-h: 9;
}
.aspect-16\\\\/9 {
  position: relative;
  padding-bottom: 177.777778%;
}
.aspect-16\\\\/9 > * {
  position: absolute;
  height: 100%;
  width: 100%;
  top: 0;
  right: 0;
  bottom: 0;
  left: 0;
}
/* windicss layer utilities */"
`;

exports[`plugins > custom classes with parentheses > generated-css 1`] = `
"/* windicss layer base */

/* windicss layer components */

/* windicss layer utilities */
.h-\\\\(custom\\\\) {
  height: calc(100% - 4rem);
}"
`;

exports[`plugins > forms > classes 1`] = `Set {}`;

exports[`plugins > forms > classes 2`] = `Set {}`;

exports[`plugins > forms > generated-css 1`] = `
"/* windicss layer base */
[type='text'], [type='email'], [type='url'], [type='password'], [type='number'], [type='date'], [type='datetime-local'], [type='month'], [type='search'], [type='tel'], [type='time'], [type='week'], [multiple], textarea, select {
  -webkit-appearance: none;
  -moz-appearance: none;
  appearance: none;
  background-color: #fff;
  border-color: #6b7280;
  border-width: 1px;
  border-radius: 0px;
  padding-top: 0.5rem;
  padding-right: 0.75rem;
  padding-bottom: 0.5rem;
  padding-left: 0.75rem;
  font-size: 1rem;
  line-height: 1.5rem;
}
[type='text']:focus, [type='email']:focus, [type='url']:focus, [type='password']:focus, [type='number']:focus, [type='date']:focus, [type='datetime-local']:focus, [type='month']:focus, [type='search']:focus, [type='tel']:focus, [type='time']:focus, [type='week']:focus, [multiple]:focus, textarea:focus, select:focus {
  --tw-ring-inset: var(--tw-empty,/*!*/ /*!*/);
  --tw-ring-offset-width: 0px;
  --tw-ring-offset-color: #fff;
  --tw-ring-color: #2563eb;
  --tw-ring-offset-shadow: var(--tw-ring-inset) 0 0 0 var(--tw-ring-offset-width) var(--tw-ring-offset-color);
  --tw-ring-shadow: var(--tw-ring-inset) 0 0 0 calc(1px + var(--tw-ring-offset-width)) var(--tw-ring-color);
  box-shadow: var(--tw-ring-offset-shadow), var(--tw-ring-shadow), var(--tw-shadow, 0 0 #0000);
  border-color: #2563eb;
}
[type='checkbox'], [type='radio'] {
  -webkit-appearance: none;
  -moz-appearance: none;
  appearance: none;
  padding: 0;
  -webkit-print-color-adjust: exact;
  print-color-adjust: exact;
  display: inline-block;
  vertical-align: middle;
  background-origin: border-box;
  -webkit-user-select: none;
  -moz-user-select: none;
  -ms-user-select: none;
  user-select: none;
  flex-shrink: 0;
  height: 1rem;
  width: 1rem;
  color: #2563eb;
  background-color: #fff;
  border-color: #6b7280;
  border-width: 1px;
}
[type='checkbox']:focus, [type='radio']:focus {
  --tw-ring-inset: var(--tw-empty,/*!*/ /*!*/);
  --tw-ring-offset-width: 2px;
  --tw-ring-offset-color: #fff;
  --tw-ring-color: #2563eb;
  --tw-ring-offset-shadow: var(--tw-ring-inset) 0 0 0 var(--tw-ring-offset-width) var(--tw-ring-offset-color);
  --tw-ring-shadow: var(--tw-ring-inset) 0 0 0 calc(2px + var(--tw-ring-offset-width)) var(--tw-ring-color);
  box-shadow: var(--tw-ring-offset-shadow), var(--tw-ring-shadow), var(--tw-shadow, 0 0 #0000);
  border-color: #6b7280;
}
[type='checkbox']:checked, [type='radio']:checked {
  border-color: transparent;
  background-color: currentColor;
  background-size: 100% 100%;
  background-position: center;
  background-repeat: no-repeat;
}
[type='checkbox']:checked:hover, [type='checkbox']:checked:focus, [type='radio']:checked:hover, [type='radio']:checked:focus {
  border-color: transparent;
  background-color: currentColor;
}
[type='checkbox']:indeterminate:hover, [type='checkbox']:indeterminate:focus {
  border-color: transparent;
  background-color: currentColor;
}
::-webkit-datetime-edit-fields-wrapper {
  padding: 0;
}
::-webkit-date-and-time-value {
  min-height: 1.5em;
}
[multiple] {
  background-image: initial;
  background-position: initial;
  background-repeat: unset;
  background-size: initial;
  padding-right: 0.75rem;
  -webkit-print-color-adjust: unset;
  print-color-adjust: unset;
}
[type='checkbox'] {
  border-radius: 0px;
}
[type='radio'] {
  border-radius: 100%;
}
[type='checkbox']:checked {
  background-image: url(\\"data:image/svg+xml,%3csvg viewBox='0 0 16 16' fill='white' xmlns='http://www.w3.org/2000/svg'%3e%3cpath d='M12.207 4.793a1 1 0 010 1.414l-5 5a1 1 0 01-1.414 0l-2-2a1 1 0 011.414-1.414L6.5 9.086l4.293-4.293a1 1 0 011.414 0z'/%3e%3c/svg%3e\\");
}
[type='radio']:checked {
  background-image: url(\\"data:image/svg+xml,%3csvg viewBox='0 0 16 16' fill='white' xmlns='http://www.w3.org/2000/svg'%3e%3ccircle cx='8' cy='8' r='3'/%3e%3c/svg%3e\\");
}
[type='checkbox']:indeterminate {
  background-image: url(\\"data:image/svg+xml,%3csvg xmlns='http://www.w3.org/2000/svg' fill='none' viewBox='0 0 16 16'%3e%3cpath stroke='white' stroke-linecap='round' stroke-linejoin='round' stroke-width='2' d='M4 8h8'/%3e%3c/svg%3e\\");
  border-color: transparent;
  background-color: currentColor;
  background-size: 100% 100%;
  background-position: center;
  background-repeat: no-repeat;
}
[type='file'] {
  background: unset;
  border-color: inherit;
  border-width: 0;
  border-radius: 0;
  padding: 0;
  font-size: unset;
  line-height: inherit;
}
[type='file']:focus {
  outline: 1px solid ButtonText;
  outline: 1px auto -webkit-focus-ring-color;
}
input::-moz-placeholder, textarea::-moz-placeholder {
  color: #6b7280;
  opacity: 1;
}
input::-ms-input-placeholder, textarea::-ms-input-placeholder {
  color: #6b7280;
  opacity: 1;
}
input::placeholder, textarea::placeholder {
  color: #6b7280;
  opacity: 1;
}
select {
  background-image: url(\\"data:image/svg+xml,%3csvg xmlns='http://www.w3.org/2000/svg' fill='none' viewBox='0 0 20 20'%3e%3cpath stroke='%236b7280' stroke-linecap='round' stroke-linejoin='round' stroke-width='1.5' d='M6 8l4 4 4-4'/%3e%3c/svg%3e\\");
  background-position: right 0.5rem center;
  background-repeat: no-repeat;
  background-size: 1.5em 1.5em;
  padding-right: 2.5rem;
  -webkit-print-color-adjust: exact;
  print-color-adjust: exact;
}
/* windicss layer components */

/* windicss layer utilities */"
`;

exports[`plugins > forms > generated-css 2`] = `
"/* windicss layer base */
[type='text'], [type='email'], [type='url'], [type='password'], [type='number'], [type='date'], [type='datetime-local'], [type='month'], [type='search'], [type='tel'], [type='time'], [type='week'], [multiple], textarea, select {
  -webkit-appearance: none;
  -moz-appearance: none;
  appearance: none;
  background-color: #fff;
  border-color: #6b7280;
  border-width: 1px;
  border-radius: 0px;
  padding-top: 0.5rem;
  padding-right: 0.75rem;
  padding-bottom: 0.5rem;
  padding-left: 0.75rem;
  font-size: 1rem;
  line-height: 1.5rem;
}
[type='text']:focus, [type='email']:focus, [type='url']:focus, [type='password']:focus, [type='number']:focus, [type='date']:focus, [type='datetime-local']:focus, [type='month']:focus, [type='search']:focus, [type='tel']:focus, [type='time']:focus, [type='week']:focus, [multiple]:focus, textarea:focus, select:focus {
  --tw-ring-inset: var(--tw-empty,/*!*/ /*!*/);
  --tw-ring-offset-width: 0px;
  --tw-ring-offset-color: #fff;
  --tw-ring-color: #2563eb;
  --tw-ring-offset-shadow: var(--tw-ring-inset) 0 0 0 var(--tw-ring-offset-width) var(--tw-ring-offset-color);
  --tw-ring-shadow: var(--tw-ring-inset) 0 0 0 calc(1px + var(--tw-ring-offset-width)) var(--tw-ring-color);
  box-shadow: var(--tw-ring-offset-shadow), var(--tw-ring-shadow), var(--tw-shadow, 0 0 #0000);
  border-color: #2563eb;
}
[type='checkbox'], [type='radio'] {
  -webkit-appearance: none;
  -moz-appearance: none;
  appearance: none;
  padding: 0;
  -webkit-print-color-adjust: exact;
  print-color-adjust: exact;
  display: inline-block;
  vertical-align: middle;
  background-origin: border-box;
  -webkit-user-select: none;
  -moz-user-select: none;
  -ms-user-select: none;
  user-select: none;
  flex-shrink: 0;
  height: 1rem;
  width: 1rem;
  color: #2563eb;
  background-color: #fff;
  border-color: #6b7280;
  border-width: 1px;
}
[type='checkbox']:focus, [type='radio']:focus {
  --tw-ring-inset: var(--tw-empty,/*!*/ /*!*/);
  --tw-ring-offset-width: 2px;
  --tw-ring-offset-color: #fff;
  --tw-ring-color: #2563eb;
  --tw-ring-offset-shadow: var(--tw-ring-inset) 0 0 0 var(--tw-ring-offset-width) var(--tw-ring-offset-color);
  --tw-ring-shadow: var(--tw-ring-inset) 0 0 0 calc(2px + var(--tw-ring-offset-width)) var(--tw-ring-color);
  box-shadow: var(--tw-ring-offset-shadow), var(--tw-ring-shadow), var(--tw-shadow, 0 0 #0000);
  border-color: #6b7280;
}
[type='checkbox']:checked, [type='radio']:checked {
  border-color: transparent;
  background-color: currentColor;
  background-size: 100% 100%;
  background-position: center;
  background-repeat: no-repeat;
}
[type='checkbox']:checked:hover, [type='checkbox']:checked:focus, [type='radio']:checked:hover, [type='radio']:checked:focus {
  border-color: transparent;
  background-color: currentColor;
}
[type='checkbox']:indeterminate:hover, [type='checkbox']:indeterminate:focus {
  border-color: transparent;
  background-color: currentColor;
}
::-webkit-datetime-edit-fields-wrapper {
  padding: 0;
}
::-webkit-date-and-time-value {
  min-height: 1.5em;
}
[multiple] {
  background-image: initial;
  background-position: initial;
  background-repeat: unset;
  background-size: initial;
  padding-right: 0.75rem;
  -webkit-print-color-adjust: unset;
  print-color-adjust: unset;
}
[type='checkbox'] {
  border-radius: 0px;
}
[type='radio'] {
  border-radius: 100%;
}
[type='checkbox']:checked {
  background-image: url(\\"data:image/svg+xml,%3csvg viewBox='0 0 16 16' fill='white' xmlns='http://www.w3.org/2000/svg'%3e%3cpath d='M12.207 4.793a1 1 0 010 1.414l-5 5a1 1 0 01-1.414 0l-2-2a1 1 0 011.414-1.414L6.5 9.086l4.293-4.293a1 1 0 011.414 0z'/%3e%3c/svg%3e\\");
}
[type='radio']:checked {
  background-image: url(\\"data:image/svg+xml,%3csvg viewBox='0 0 16 16' fill='white' xmlns='http://www.w3.org/2000/svg'%3e%3ccircle cx='8' cy='8' r='3'/%3e%3c/svg%3e\\");
}
[type='checkbox']:indeterminate {
  background-image: url(\\"data:image/svg+xml,%3csvg xmlns='http://www.w3.org/2000/svg' fill='none' viewBox='0 0 16 16'%3e%3cpath stroke='white' stroke-linecap='round' stroke-linejoin='round' stroke-width='2' d='M4 8h8'/%3e%3c/svg%3e\\");
  border-color: transparent;
  background-color: currentColor;
  background-size: 100% 100%;
  background-position: center;
  background-repeat: no-repeat;
}
[type='file'] {
  background: unset;
  border-color: inherit;
  border-width: 0;
  border-radius: 0;
  padding: 0;
  font-size: unset;
  line-height: inherit;
}
[type='file']:focus {
  outline: 1px solid ButtonText;
  outline: 1px auto -webkit-focus-ring-color;
}
input::-moz-placeholder, textarea::-moz-placeholder {
  color: #6b7280;
  opacity: 1;
}
input::-ms-input-placeholder, textarea::-ms-input-placeholder {
  color: #6b7280;
  opacity: 1;
}
input::placeholder, textarea::placeholder {
  color: #6b7280;
  opacity: 1;
}
select {
  background-image: url(\\"data:image/svg+xml,%3csvg xmlns='http://www.w3.org/2000/svg' fill='none' viewBox='0 0 20 20'%3e%3cpath stroke='%236b7280' stroke-linecap='round' stroke-linejoin='round' stroke-width='1.5' d='M6 8l4 4 4-4'/%3e%3c/svg%3e\\");
  background-position: right 0.5rem center;
  background-repeat: no-repeat;
  background-size: 1.5em 1.5em;
  padding-right: 2.5rem;
  -webkit-print-color-adjust: exact;
  print-color-adjust: exact;
}
/* windicss layer components */

/* windicss layer utilities */"
`;

exports[`plugins > typography rtl > classes 1`] = `
Set {
  "prose",
}
`;

exports[`plugins > typography rtl > generated-css 1`] = `
"/* windicss layer base */

/* windicss layer components */
.prose {
  color: #374151;
  max-width: 65ch;
  font-size: 1rem;
  line-height: 1.75;
}
.prose [class~=\\"lead\\"] {
  color: #4b5563;
  font-size: 1.25em;
  line-height: 1.6;
  margin-top: 1.2em;
  margin-bottom: 1.2em;
}
.prose a {
  color: #111827;
  text-decoration: underline;
  font-weight: 500;
}
.prose strong {
  color: #111827;
  font-weight: 600;
}
.prose ol[type=\\"A\\"] {
  --list-counter-style: upper-alpha;
}
.prose ol[type=\\"a\\"] {
  --list-counter-style: lower-alpha;
}
.prose ol[type=\\"A s\\"] {
  --list-counter-style: upper-alpha;
}
.prose ol[type=\\"a s\\"] {
  --list-counter-style: lower-alpha;
}
.prose ol[type=\\"I\\"] {
  --list-counter-style: upper-roman;
}
.prose ol[type=\\"i\\"] {
  --list-counter-style: lower-roman;
}
.prose ol[type=\\"I s\\"] {
  --list-counter-style: upper-roman;
}
.prose ol[type=\\"i s\\"] {
  --list-counter-style: lower-roman;
}
.prose ol[type=\\"1\\"] {
  --list-counter-style: decimal;
}
.prose ol > li {
  position: relative;
  padding-left: 1.75em;
}
.prose ol > li::before {
  content: counter(list-item, var(--list-counter-style, decimal)) \\".\\";
  position: absolute;
  font-weight: 400;
  color: #6b7280;
  left: 0;
}
.prose ul > li {
  position: relative;
  padding-left: 1.75em;
}
.prose ul > li::before {
  content: \\"\\";
  position: absolute;
  background-color: #d1d5db;
  border-radius: 50%;
  width: 0.375em;
  height: 0.375em;
  top: calc(0.875em - 0.1875em);
  left: 0.25em;
}
.prose hr {
  border-color: #e5e7eb;
  margin-top: 3em;
  margin-bottom: 3em;
}
.prose blockquote {
  font-weight: 500;
  font-style: italic;
  color: #111827;
  border-left-width: 0.25rem;
  border-color: #e5e7eb;
  quotes: \\"\\\\201C\\"\\"\\\\201D\\"\\"\\\\2018\\"\\"\\\\2019\\";
  margin-top: 1.6em;
  margin-bottom: 1.6em;
  padding-left: 1em;
}
.prose blockquote p:first-of-type::before {
  content: open-quote;
}
.prose blockquote p:last-of-type::after {
  content: close-quote;
}
.prose h1 {
  color: #111827;
  font-weight: 800;
  font-size: 2.25em;
  margin-top: 0;
  margin-bottom: 0.8888889em;
  line-height: 1.1111111;
}
.prose h2 {
  color: #111827;
  font-weight: 700;
  font-size: 1.5em;
  margin-top: 2em;
  margin-bottom: 1em;
  line-height: 1.3333333;
}
.prose h3 {
  color: #111827;
  font-weight: 600;
  font-size: 1.25em;
  margin-top: 1.6em;
  margin-bottom: 0.6em;
  line-height: 1.6;
}
.prose h4 {
  color: #111827;
  font-weight: 600;
  margin-top: 1.5em;
  margin-bottom: 0.5em;
  line-height: 1.5;
}
.prose figure figcaption {
  color: #6b7280;
  font-size: 0.875em;
  line-height: 1.4285714;
  margin-top: 0.8571429em;
}
.prose code {
  color: #111827;
  font-weight: 600;
  font-size: 0.875em;
}
.prose code::before {
  content: \\"\`\\";
}
.prose code::after {
  content: \\"\`\\";
}
.prose a code {
  color: #111827;
}
.prose pre {
  color: #e5e7eb;
  background-color: #1f2937;
  overflow-x: auto;
  font-size: 0.875em;
  line-height: 1.7142857;
  margin-top: 1.7142857em;
  margin-bottom: 1.7142857em;
  border-radius: 0.375rem;
  padding-top: 0.8571429em;
  padding-right: 1.1428571em;
  padding-bottom: 0.8571429em;
  padding-left: 1.1428571em;
}
.prose pre code {
  background-color: transparent;
  border-width: 0;
  border-radius: 0;
  padding: 0;
  font-weight: 400;
  color: inherit;
  font-size: inherit;
  font-family: inherit;
  line-height: inherit;
}
.prose pre code::before {
  content: none;
}
.prose pre code::after {
  content: none;
}
.prose table {
  width: 100%;
  table-layout: auto;
  text-align: left;
  margin-top: 2em;
  margin-bottom: 2em;
  font-size: 0.875em;
  line-height: 1.7142857;
}
.prose thead {
  color: #111827;
  font-weight: 600;
  border-bottom-width: 1px;
  border-bottom-color: #d1d5db;
}
.prose thead th {
  vertical-align: bottom;
  padding-right: 0.5714286em;
  padding-bottom: 0.5714286em;
  padding-left: 0.5714286em;
}
.prose tbody tr {
  border-bottom-width: 1px;
  border-bottom-color: #e5e7eb;
}
.prose tbody tr:last-child {
  border-bottom-width: 0;
}
.prose tbody td {
  vertical-align: top;
  padding-top: 0.5714286em;
  padding-right: 0.5714286em;
  padding-bottom: 0.5714286em;
  padding-left: 0.5714286em;
}
.prose p {
  margin-top: 1.25em;
  margin-bottom: 1.25em;
}
.prose img {
  margin-top: 2em;
  margin-bottom: 2em;
}
.prose video {
  margin-top: 2em;
  margin-bottom: 2em;
}
.prose figure {
  margin-top: 2em;
  margin-bottom: 2em;
}
.prose figure > * {
  margin-top: 0;
  margin-bottom: 0;
}
.prose h2 code {
  font-size: 0.875em;
}
.prose h3 code {
  font-size: 0.9em;
}
.prose ol {
  margin-top: 1.25em;
  margin-bottom: 1.25em;
  list-style-type: none;
}
.prose ul {
  margin-top: 1.25em;
  margin-bottom: 1.25em;
  list-style-type: none;
}
.prose li {
  margin-top: 0.5em;
  margin-bottom: 0.5em;
}
.prose > ul > li p {
  margin-top: 0.75em;
  margin-bottom: 0.75em;
}
.prose > ul > li > *:first-child {
  margin-top: 1.25em;
}
.prose > ul > li > *:last-child {
  margin-bottom: 1.25em;
}
.prose > ol > li > *:first-child {
  margin-top: 1.25em;
}
.prose > ol > li > *:last-child {
  margin-bottom: 1.25em;
}
.prose ul ul, .prose ul ol, .prose ol ul, .prose ol ol {
  margin-top: 0.75em;
  margin-bottom: 0.75em;
}
.prose hr + * {
  margin-top: 0;
}
.prose h2 + * {
  margin-top: 0;
}
.prose h3 + * {
  margin-top: 0;
}
.prose h4 + * {
  margin-top: 0;
}
.prose thead th:first-child {
  padding-left: 0;
}
.prose thead th:last-child {
  padding-right: 0;
}
.prose tbody td:first-child {
  padding-left: 0;
}
.prose tbody td:last-child {
  padding-right: 0;
}
.prose > :first-child {
  margin-top: 0;
}
.prose > :last-child {
  margin-bottom: 0;
}
.prose[dir=\\"rtl\\"] ol > li {
  padding-left: initial;
  padding-right: 1.75em;
}
.prose[dir=\\"rtl\\"] ol > li::before {
  left: initial;
  right: 0;
}
.prose[dir=\\"rtl\\"] ul > li {
  padding-left: initial;
  padding-right: 1.75em;
}
.prose[dir=\\"rtl\\"] ul > li::before {
  left: initial;
  right: 0.25em;
}
.prose[dir=\\"rtl\\"] blockquote {
  border-left-width: 0;
  border-right-width: 0.25rem;
  padding-left: initial;
  padding-right: 1em;
}
.prose[dir=\\"rtl\\"] table {
  text-align: right;
}
.prose[dir=\\"rtl\\"] thead th:first-child {
  padding-left: initial;
  padding-right: 0;
}
.prose[dir=\\"rtl\\"] thead th:last-child {
  padding-right: initial;
  padding-left: 0;
}
.prose[dir=\\"rtl\\"] tbody td:first-child {
  padding-left: initial;
  padding-right: 0;
}
.prose[dir=\\"rtl\\"] tbody td:last-child {
  padding-right: initial;
  padding-left: 0;
}
/* windicss layer utilities */"
`;
