// Jest Snapshot v1, https://goo.gl/fbAQLP

exports[`transfrom css custom keyframes 1`] = `
"/* windicss layer base */

/* windicss layer components */

/* windicss layer utilities */"
`;

exports[`transfrom css custom keyframes: keyframes 1`] = `
".test {
  animation: my-animation 2s infinite linear;
}
@keyframes my-animation {
  100% {
    -webkit-transform: rotate(360deg);
  }
}"
`;

exports[`transfrom css custom keyframes: keyframes module 1`] = `
"/* windicss layer base */

/* windicss layer components */

/* windicss layer utilities */"
`;

exports[`transfrom css directives 1`] = `
"/* windicss layer base */

/* windicss layer components */

/* windicss layer utilities */"
`;

exports[`transfrom css directives 2`] = `
"/* windicss layer base */

/* windicss layer components */

/* windicss layer utilities */"
`;

exports[`transfrom css directives 3`] = `""`;

exports[`transfrom css directives: @layer all 1`] = `
"/* windicss layer base */
.btn-base {
  --tw-text-opacity: 1;
  color: rgba(252, 165, 165, var(--tw-text-opacity));
  font-size: 1.5rem;
}
/* windicss layer components */
.btn-components {
  --tw-text-opacity: 1;
  color: rgba(248, 113, 113, var(--tw-text-opacity));
  font-size: 1rem;
}
/* windicss layer utilities */
.p-4 {
  padding: 1rem;
}
.btn-utilities {
  --tw-text-opacity: 1;
  color: rgba(254, 202, 202, var(--tw-text-opacity));
  font-size: 2rem;
}"
`;

exports[`transfrom css directives: @layer base 1`] = `
"/* windicss layer base */
.btn-base {
  --tw-text-opacity: 1;
  color: rgba(252, 165, 165, var(--tw-text-opacity));
  font-size: 1.5rem;
}"
`;

exports[`transfrom css directives: @layer components 1`] = `
"/* windicss layer components */
.btn-components {
  --tw-text-opacity: 1;
  color: rgba(248, 113, 113, var(--tw-text-opacity));
  font-size: 1rem;
}"
`;

exports[`transfrom css directives: @layer components 2`] = `
"/* windicss layer components */
.btn-components {
  --tw-text-opacity: 1;
  color: rgba(239, 68, 68, var(--tw-text-opacity));
  font-size: 1.5rem;
}"
`;

exports[`transfrom css directives: @layer utilities 1`] = `
"/* windicss layer utilities */
.p-4 {
  padding: 1rem;
}
.btn-utilities {
  --tw-text-opacity: 1;
  color: rgba(254, 202, 202, var(--tw-text-opacity));
  font-size: 2rem;
}"
`;

exports[`transfrom css directives: @layer utilities 2`] = `
"/* windicss layer utilities */
.p-4 {
  padding: 1rem;
}"
`;

exports[`transfrom css directives: basic @apply 1`] = `
".rounded-box {
  border-radius: var(--rounded-box, 1rem);
}
.card {
  color: black;
  --tw-shadow: 0 1px 3px 0 rgb(0 0 0/0.1),0 1px 2px -1px rgb(0 0 0/0.1);
  --tw-shadow-colored: 0 1px 3px 0 var(--tw-shadow-color),0 1px 2px -1px var(--tw-shadow-color);
  -webkit-box-shadow: var(--tw-ring-offset-shadow,0 0 #0000),var(--tw-ring-shadow,0 0 #0000),var(--tw-shadow);
  box-shadow: var(--tw-ring-offset-shadow,0 0 #0000),var(--tw-ring-shadow,0 0 #0000),var(--tw-shadow);
  border-radius: var(--rounded-box, 1rem);
}
.card:hover {
  --tw-shadow: 0 20px 25px -5px rgb(0 0 0/0.1),0 8px 10px -6px rgb(0 0 0/0.1);
  --tw-shadow-colored: 0 20px 25px -5px var(--tw-shadow-color),0 8px 10px -6px var(--tw-shadow-color);
  -webkit-box-shadow: var(--tw-ring-offset-shadow,0 0 #0000),var(--tw-ring-shadow,0 0 #0000),var(--tw-shadow);
  box-shadow: var(--tw-ring-offset-shadow,0 0 #0000),var(--tw-ring-shadow,0 0 #0000),var(--tw-shadow);
}
.artboard {
  border-radius: var(--rounded-box, 1rem);
}"
`;

exports[`transfrom css directives: basic @layer 1`] = `
".btn {
  padding: 5px;
}"
`;

exports[`transfrom css windi keyframes 1`] = `
"/* windicss layer base */

/* windicss layer components */

/* windicss layer utilities */"
`;

exports[`transfrom css windi keyframes: keyframes 1`] = `
".pulse-class {
  --tw-bg-opacity: 1;
  background-color: rgba(13, 148, 136, var(--tw-bg-opacity));
  border-radius: 9999px;
  height: 10rem;
  opacity: 0.8;
  position: relative;
  width: 10rem;
  -webkit-animation: pulse 2s cubic-bezier(0.4, 0, 0.6, 1) infinite;
  animation: pulse 2s cubic-bezier(0.4, 0, 0.6, 1) infinite;
}"
`;

exports[`transfrom css windi keyframes: keyframes module 1`] = `
"/* windicss layer base */

/* windicss layer components */

/* windicss layer utilities */
.bg-teal-600 {
  --tw-bg-opacity: 1;
  background-color: rgba(13, 148, 136, var(--tw-bg-opacity));
}
.rounded-full {
  border-radius: 9999px;
}
.h-40 {
  height: 10rem;
}
.opacity-80 {
  opacity: 0.8;
}
.relative {
  position: relative;
}
.w-40 {
  width: 10rem;
}
@keyframes pulse {
  .pulse-class {
    opacity: 1;
    opacity: .5;
  }
}
@-webkit-keyframes pulse {
  .pulse-class {
    opacity: 1;
    opacity: .5;
  }
}"
`;

exports[`transfrom groups: "!hover:(m-2 p-2)" 1`] = `"!hover:m-2 !hover:p-2"`;

exports[`transfrom groups: "+sm:(p-1 p-2)" 1`] = `"+sm:p-1 +sm:p-2"`;

exports[`transfrom groups: "<md:(grid grid-cols-[1fr,50%])" 1`] = `"<md:grid <md:grid-cols-[1fr,50%]"`;

exports[`transfrom groups: "@lg:(p-1 p-2)" 1`] = `"@lg:p-1 @lg:p-2"`;

exports[`transfrom groups: "-sm:hover:(p-1 p-2)" 1`] = `"-sm:hover:p-1 -sm:hover:p-2"`;

exports[`transfrom groups: "bg-white font-light sm:hover:(bg-gray-100 font-medium)" 1`] = `"bg-white font-light sm:hover:bg-gray-100 sm:hover:font-medium"`;

exports[`transfrom groups: "dark:+lg:(p-1 p-2)" 1`] = `"dark:+lg:p-1 dark:+lg:p-2"`;

exports[`transfrom groups: "hover:(
!m-2 
p-2
)" 1`] = `"!hover:m-2 hover:p-2"`;

exports[`transfrom groups: "hover:(!m-2 p-2)" 1`] = `"!hover:m-2 hover:p-2"`;

exports[`transfrom groups: "md:(w-1/2 h-[calc(100%-4rem)])" 1`] = `"md:w-1/2 md:h-[calc(100%-4rem)]"`;

exports[`transfrom groups: "md:(w-40vw pr-4.5rem)" 1`] = `"md:w-40vw md:pr-4.5rem"`;
